error: symbol-name(_ZN11issue_609253foo37Foo$LT$issue_60925..llv$u6d$..Foo$GT$3foo17hab0ab5413b4a627aE)
  --> $DIR/issue-60925.rs:21:9
   |
LL |         #[rustc_symbol_name]
   |         ^^^^^^^^^^^^^^^^^^^^

error: demangling(issue_60925::foo::Foo<issue_60925::llvm::Foo>::foo::hab0ab5413b4a627a)
  --> $DIR/issue-60925.rs:21:9
   |
LL |         #[rustc_symbol_name]
   |         ^^^^^^^^^^^^^^^^^^^^

error: demangling-alt(issue_60925::foo::Foo<issue_60925::llvm::Foo>::foo)
  --> $DIR/issue-60925.rs:21:9
   |
LL |         #[rustc_symbol_name]
   |         ^^^^^^^^^^^^^^^^^^^^

error: aborting due to 3 previous errors

